['{"job":"test_perform_complex_ops","job_timestamp":1704316838629914}',
 '{"job":"test_perform_complex_ops","job_timestamp":1704316838629914,"name":"perform_operations","features":{"number":{"value":7.416198487095663}}}',
 '{"name":"perform_operations","job":"test_perform_complex_ops","job_timestamp":1704316838629914,"finished_at":1704316838648171,"started_at":1704316838648034,"data":{"arguments":"{\\"args_0\\": \\",numpy.ndarray\\\\ncount,5.0\\\\nmean,3.0\\\\nstd,1.5811388300841898\\\\nmin,1.0\\\\n25%,2.0\\\\n50%,3.0\\\\n75%,4.0\\\\nmax,5.0\\\\nskew,0.0\\\\n\\"}","number_of_return_arguments":1,"code":"    @usf.check()\\n    def perform_operations(arr):\\n        arr_squared = np.square(arr)\\n        arr_sum = np.sum(arr_squared)\\n        return np.sqrt(arr_sum)\\n","line_start":172}}']