['{"job":"test_strings_and_lists","job_timestamp":1703599187518714}', '{"job":"test_strings_and_lists","job_timestamp":1703599187518714,"name":"concatenate_strings","features":{"string_length":{"0":30},"value":{"0":"Hello World Python Programming"}}}', '{"name":"concatenate_strings","job":"test_strings_and_lists","job_timestamp":1703599187518714,"finished_at":1703599187545758,"started_at":1703599187542744,"data":{"arguments":"{\\"args_0\\": \\",list\\\\ncount,4\\\\nunique,4\\\\ntop,Hello\\\\nfreq,1\\\\ndtype,object\\\\n\\"}","number_of_return_arguments":1,"code":"    @usf.check()\\n    def concatenate_strings(strings):\\n        \\"\\"\\"Concatenate a list of strings into a single string.\\"\\"\\"\\n        return \\" \\".join(strings)\\n","line_start":103}}', '{"job":"test_strings_and_lists","job_timestamp":1703599187518714,"name":"reverse_string","features":{"string_length":{"0":30},"value":{"0":"gnimmargorP nohtyP dlroW olleH"}}}', '{"name":"reverse_string","job":"test_strings_and_lists","job_timestamp":1703599187518714,"finished_at":1703599187557395,"started_at":1703599187554083,"data":{"arguments":"{\\"args_0\\": \\"Hello World Python Programming\\"}","number_of_return_arguments":1,"code":"    @usf.check()\\n    def reverse_string(s):\\n        \\"\\"\\"Reverse a given string.\\"\\"\\"\\n        return s[::-1]\\n","line_start":98}}']