['{"job":"test_useful","job_timestamp":1704316838871056}',
 '{"job":"test_useful","job_timestamp":1704316838871056,"name":"add","return_order":0,"features":{"number":{"value":1}}}',
 '{"job":"test_useful","job_timestamp":1704316838871056,"name":"add","return_order":1,"features":{"number":{"value":2}}}',
 '{"name":"add","job":"test_useful","job_timestamp":1704316838871056,"finished_at":1704316838885515,"started_at":1704316838885402,"data":{"arguments":"{\\"args_0\\": 1, \\"args_1\\": 2}","number_of_return_arguments":2,"code":"    @usf.check()\\n    def add(a, b):\\n        return a, b\\n","line_start":454}}']
