['{"job":"process_nested_functions_test","job_timestamp":1703599187645493}', '{"job":"process_nested_functions_test","job_timestamp":1703599187645493,"name":"add","features":{"number":{"value":8}}}', '{"name":"add","job":"process_nested_functions_test","job_timestamp":1703599187645493,"finished_at":1703599187664107,"started_at":1703599187659501,"data":{"arguments":"{\\"args_0\\": 5, \\"args_1\\": 3}","number_of_return_arguments":1,"code":"    @usf.check()\\n    def add(x, y):\\n        return x + y\\n","line_start":172}}', '{"job":"process_nested_functions_test","job_timestamp":1703599187645493,"name":"subtract","features":{"number":{"value":6}}}', '{"name":"subtract","job":"process_nested_functions_test","job_timestamp":1703599187645493,"finished_at":1703599187675315,"started_at":1703599187671116,"data":{"arguments":"{\\"args_0\\": 8, \\"args_1\\": 2}","number_of_return_arguments":1,"code":"    @usf.check()\\n    def subtract(x, y):\\n        return x - y\\n","line_start":176}}', '{"job":"process_nested_functions_test","job_timestamp":1703599187645493,"name":"multiply","features":{"number":{"value":48}}}', '{"name":"multiply","job":"process_nested_functions_test","job_timestamp":1703599187645493,"finished_at":1703599187684913,"started_at":1703599187681789,"data":{"arguments":"{\\"args_0\\": 8, \\"args_1\\": 6}","number_of_return_arguments":1,"code":"    @usf.check()\\n    def multiply(x, y):\\n        return x * y\\n","line_start":180}}', '{"job":"process_nested_functions_test","job_timestamp":1703599187645493,"name":"divide","features":{"number":{"value":24.0}}}', '{"name":"divide","job":"process_nested_functions_test","job_timestamp":1703599187645493,"finished_at":1703599187695138,"started_at":1703599187692011,"data":{"arguments":"{\\"args_0\\": 48, \\"args_1\\": 2}","number_of_return_arguments":1,"code":"    @usf.check()\\n    def divide(x, y):\\n        if y == 0:\\n            return \\"Cannot divide by zero\\"\\n        return x / y\\n","line_start":184}}']