['{"job":"process_recursive_function_test","job_timestamp":1703599187787283}', '{"job":"process_recursive_function_test","job_timestamp":1703599187787283,"name":"factorial (1)","features":{"number":{"value":1}}}', '{"name":"factorial (1)","job":"process_recursive_function_test","job_timestamp":1703599187787283,"finished_at":1703599187816646,"started_at":1703599187813452,"data":{"arguments":"{\\"args_0\\": 0}","number_of_return_arguments":1,"code":"    @usf.check()\\n    def factorial(n):\\n        if n == 0:\\n            return 1\\n        else:\\n            return n * factorial(n - 1)\\n","line_start":283,"caller":"factorial (1)"}}', '{"job":"process_recursive_function_test","job_timestamp":1703599187787283,"name":"factorial","features":{"number":{"value":1}}}', '{"name":"factorial","job":"process_recursive_function_test","job_timestamp":1703599187787283,"finished_at":1703599187816845,"started_at":1703599187801755,"data":{"arguments":"{\\"args_0\\": 1}","number_of_return_arguments":1,"code":"    @usf.check()\\n    def factorial(n):\\n        if n == 0:\\n            return 1\\n        else:\\n            return n * factorial(n - 1)\\n","line_start":283}}', '{"job":"process_recursive_function_test","job_timestamp":1703599187787283,"name":"factorial (4)","features":{"number":{"value":1}}}', '{"name":"factorial (4)","job":"process_recursive_function_test","job_timestamp":1703599187787283,"finished_at":1703599187846904,"started_at":1703599187843670,"data":{"arguments":"{\\"args_0\\": 0}","number_of_return_arguments":1,"code":"    @usf.check()\\n    def factorial(n):\\n        if n == 0:\\n            return 1\\n        else:\\n            return n * factorial(n - 1)\\n","line_start":283,"caller":"factorial (4)"}}', '{"job":"process_recursive_function_test","job_timestamp":1703599187787283,"name":"factorial (3)","features":{"number":{"value":1}}}', '{"name":"factorial (3)","job":"process_recursive_function_test","job_timestamp":1703599187787283,"finished_at":1703599187847185,"started_at":1703599187833288,"data":{"arguments":"{\\"args_0\\": 1}","number_of_return_arguments":1,"code":"    @usf.check()\\n    def factorial(n):\\n        if n == 0:\\n            return 1\\n        else:\\n            return n * factorial(n - 1)\\n","line_start":283,"caller":"factorial (4)"}}', '{"job":"process_recursive_function_test","job_timestamp":1703599187787283,"name":"factorial (2)","features":{"number":{"value":2}}}', '{"name":"factorial (2)","job":"process_recursive_function_test","job_timestamp":1703599187787283,"finished_at":1703599187847342,"started_at":1703599187823717,"data":{"arguments":"{\\"args_0\\": 2}","number_of_return_arguments":1,"code":"    @usf.check()\\n    def factorial(n):\\n        if n == 0:\\n            return 1\\n        else:\\n            return n * factorial(n - 1)\\n","line_start":283}}', '{"job":"process_recursive_function_test","job_timestamp":1703599187787283,"name":"factorial (8)","features":{"number":{"value":1}}}', '{"name":"factorial (8)","job":"process_recursive_function_test","job_timestamp":1703599187787283,"finished_at":1703599187893250,"started_at":1703599187885622,"data":{"arguments":"{\\"args_0\\": 0}","number_of_return_arguments":1,"code":"    @usf.check()\\n    def factorial(n):\\n        if n == 0:\\n            return 1\\n        else:\\n            return n * factorial(n - 1)\\n","line_start":283,"caller":"factorial (8)"}}', '{"job":"process_recursive_function_test","job_timestamp":1703599187787283,"name":"factorial (7)","features":{"number":{"value":1}}}', '{"name":"factorial (7)","job":"process_recursive_function_test","job_timestamp":1703599187787283,"finished_at":1703599187893471,"started_at":1703599187874204,"data":{"arguments":"{\\"args_0\\": 1}","number_of_return_arguments":1,"code":"    @usf.check()\\n    def factorial(n):\\n        if n == 0:\\n            return 1\\n        else:\\n            return n * factorial(n - 1)\\n","line_start":283,"caller":"factorial (8)"}}', '{"job":"process_recursive_function_test","job_timestamp":1703599187787283,"name":"factorial (6)","features":{"number":{"value":2}}}', '{"name":"factorial (6)","job":"process_recursive_function_test","job_timestamp":1703599187787283,"finished_at":1703599187893551,"started_at":1703599187864146,"data":{"arguments":"{\\"args_0\\": 2}","number_of_return_arguments":1,"code":"    @usf.check()\\n    def factorial(n):\\n        if n == 0:\\n            return 1\\n        else:\\n            return n * factorial(n - 1)\\n","line_start":283,"caller":"factorial (8)"}}', '{"job":"process_recursive_function_test","job_timestamp":1703599187787283,"name":"factorial (5)","features":{"number":{"value":6}}}', '{"name":"factorial (5)","job":"process_recursive_function_test","job_timestamp":1703599187787283,"finished_at":1703599187893622,"started_at":1703599187854433,"data":{"arguments":"{\\"args_0\\": 3}","number_of_return_arguments":1,"code":"    @usf.check()\\n    def factorial(n):\\n        if n == 0:\\n            return 1\\n        else:\\n            return n * factorial(n - 1)\\n","line_start":283}}', '{"job":"process_recursive_function_test","job_timestamp":1703599187787283,"name":"factorial (13)","features":{"number":{"value":1}}}', '{"name":"factorial (13)","job":"process_recursive_function_test","job_timestamp":1703599187787283,"finished_at":1703599187945053,"started_at":1703599187941766,"data":{"arguments":"{\\"args_0\\": 0}","number_of_return_arguments":1,"code":"    @usf.check()\\n    def factorial(n):\\n        if n == 0:\\n            return 1\\n        else:\\n            return n * factorial(n - 1)\\n","line_start":283,"caller":"factorial (13)"}}', '{"job":"process_recursive_function_test","job_timestamp":1703599187787283,"name":"factorial (12)","features":{"number":{"value":1}}}', '{"name":"factorial (12)","job":"process_recursive_function_test","job_timestamp":1703599187787283,"finished_at":1703599187945244,"started_at":1703599187931707,"data":{"arguments":"{\\"args_0\\": 1}","number_of_return_arguments":1,"code":"    @usf.check()\\n    def factorial(n):\\n        if n == 0:\\n            return 1\\n        else:\\n            return n * factorial(n - 1)\\n","line_start":283,"caller":"factorial (13)"}}', '{"job":"process_recursive_function_test","job_timestamp":1703599187787283,"name":"factorial (11)","features":{"number":{"value":2}}}', '{"name":"factorial (11)","job":"process_recursive_function_test","job_timestamp":1703599187787283,"finished_at":1703599187945325,"started_at":1703599187922133,"data":{"arguments":"{\\"args_0\\": 2}","number_of_return_arguments":1,"code":"    @usf.check()\\n    def factorial(n):\\n        if n == 0:\\n            return 1\\n        else:\\n            return n * factorial(n - 1)\\n","line_start":283,"caller":"factorial (13)"}}', '{"job":"process_recursive_function_test","job_timestamp":1703599187787283,"name":"factorial (10)","features":{"number":{"value":6}}}', '{"name":"factorial (10)","job":"process_recursive_function_test","job_timestamp":1703599187787283,"finished_at":1703599187945386,"started_at":1703599187911754,"data":{"arguments":"{\\"args_0\\": 3}","number_of_return_arguments":1,"code":"    @usf.check()\\n    def factorial(n):\\n        if n == 0:\\n            return 1\\n        else:\\n            return n * factorial(n - 1)\\n","line_start":283,"caller":"factorial (13)"}}', '{"job":"process_recursive_function_test","job_timestamp":1703599187787283,"name":"factorial (9)","features":{"number":{"value":24}}}', '{"name":"factorial (9)","job":"process_recursive_function_test","job_timestamp":1703599187787283,"finished_at":1703599187945444,"started_at":1703599187900610,"data":{"arguments":"{\\"args_0\\": 4}","number_of_return_arguments":1,"code":"    @usf.check()\\n    def factorial(n):\\n        if n == 0:\\n            return 1\\n        else:\\n            return n * factorial(n - 1)\\n","line_start":283}}', '{"job":"process_recursive_function_test","job_timestamp":1703599187787283,"name":"factorial (19)","features":{"number":{"value":1}}}', '{"name":"factorial (19)","job":"process_recursive_function_test","job_timestamp":1703599187787283,"finished_at":1703599188003698,"started_at":1703599188000330,"data":{"arguments":"{\\"args_0\\": 0}","number_of_return_arguments":1,"code":"    @usf.check()\\n    def factorial(n):\\n        if n == 0:\\n            return 1\\n        else:\\n            return n * factorial(n - 1)\\n","line_start":283,"caller":"factorial (19)"}}', '{"job":"process_recursive_function_test","job_timestamp":1703599187787283,"name":"factorial (18)","features":{"number":{"value":1}}}', '{"name":"factorial (18)","job":"process_recursive_function_test","job_timestamp":1703599187787283,"finished_at":1703599188003951,"started_at":1703599187990603,"data":{"arguments":"{\\"args_0\\": 1}","number_of_return_arguments":1,"code":"    @usf.check()\\n    def factorial(n):\\n        if n == 0:\\n            return 1\\n        else:\\n            return n * factorial(n - 1)\\n","line_start":283,"caller":"factorial (19)"}}', '{"job":"process_recursive_function_test","job_timestamp":1703599187787283,"name":"factorial (17)","features":{"number":{"value":2}}}', '{"name":"factorial (17)","job":"process_recursive_function_test","job_timestamp":1703599187787283,"finished_at":1703599188004031,"started_at":1703599187980396,"data":{"arguments":"{\\"args_0\\": 2}","number_of_return_arguments":1,"code":"    @usf.check()\\n    def factorial(n):\\n        if n == 0:\\n            return 1\\n        else:\\n            return n * factorial(n - 1)\\n","line_start":283,"caller":"factorial (19)"}}', '{"job":"process_recursive_function_test","job_timestamp":1703599187787283,"name":"factorial (16)","features":{"number":{"value":6}}}', '{"name":"factorial (16)","job":"process_recursive_function_test","job_timestamp":1703599187787283,"finished_at":1703599188004103,"started_at":1703599187970839,"data":{"arguments":"{\\"args_0\\": 3}","number_of_return_arguments":1,"code":"    @usf.check()\\n    def factorial(n):\\n        if n == 0:\\n            return 1\\n        else:\\n            return n * factorial(n - 1)\\n","line_start":283,"caller":"factorial (19)"}}', '{"job":"process_recursive_function_test","job_timestamp":1703599187787283,"name":"factorial (15)","features":{"number":{"value":24}}}', '{"name":"factorial (15)","job":"process_recursive_function_test","job_timestamp":1703599187787283,"finished_at":1703599188004161,"started_at":1703599187961222,"data":{"arguments":"{\\"args_0\\": 4}","number_of_return_arguments":1,"code":"    @usf.check()\\n    def factorial(n):\\n        if n == 0:\\n            return 1\\n        else:\\n            return n * factorial(n - 1)\\n","line_start":283,"caller":"factorial (19)"}}', '{"job":"process_recursive_function_test","job_timestamp":1703599187787283,"name":"factorial (14)","features":{"number":{"value":120}}}', '{"name":"factorial (14)","job":"process_recursive_function_test","job_timestamp":1703599187787283,"finished_at":1703599188004217,"started_at":1703599187951492,"data":{"arguments":"{\\"args_0\\": 5}","number_of_return_arguments":1,"code":"    @usf.check()\\n    def factorial(n):\\n        if n == 0:\\n            return 1\\n        else:\\n            return n * factorial(n - 1)\\n","line_start":283}}']