['{"job":"check_statistics_false_test","job_timestamp":1703790871390353}', '{"name":"factorial (1)","job":"check_statistics_false_test","job_timestamp":1703790871390353,"finished_at":1703790871404882,"started_at":1703790871404689,"data":{"arguments":"{\\"args_0\\": 0}","number_of_return_arguments":0,"code":"    @usf.check(check_statistics=False)\\n    def factorial(n):\\n        if n == 0:\\n            return 1\\n        else:\\n            return n * factorial(n - 1)\\n","line_start":416,"caller":"factorial (1)"}}', '{"name":"factorial","job":"check_statistics_false_test","job_timestamp":1703790871390353,"finished_at":1703790871405037,"started_at":1703790871404012,"data":{"arguments":"{\\"args_0\\": 1}","number_of_return_arguments":0,"code":"    @usf.check(check_statistics=False)\\n    def factorial(n):\\n        if n == 0:\\n            return 1\\n        else:\\n            return n * factorial(n - 1)\\n","line_start":416}}', '{"name":"factorial (4)","job":"check_statistics_false_test","job_timestamp":1703790871390353,"finished_at":1703790871407192,"started_at":1703790871406914,"data":{"arguments":"{\\"args_0\\": 0}","number_of_return_arguments":0,"code":"    @usf.check(check_statistics=False)\\n    def factorial(n):\\n        if n == 0:\\n            return 1\\n        else:\\n            return n * factorial(n - 1)\\n","line_start":416,"caller":"factorial (4)"}}', '{"name":"factorial (3)","job":"check_statistics_false_test","job_timestamp":1703790871390353,"finished_at":1703790871407252,"started_at":1703790871406156,"data":{"arguments":"{\\"args_0\\": 1}","number_of_return_arguments":0,"code":"    @usf.check(check_statistics=False)\\n    def factorial(n):\\n        if n == 0:\\n            return 1\\n        else:\\n            return n * factorial(n - 1)\\n","line_start":416,"caller":"factorial (4)"}}', '{"name":"factorial (2)","job":"check_statistics_false_test","job_timestamp":1703790871390353,"finished_at":1703790871407274,"started_at":1703790871405514,"data":{"arguments":"{\\"args_0\\": 2}","number_of_return_arguments":0,"code":"    @usf.check(check_statistics=False)\\n    def factorial(n):\\n        if n == 0:\\n            return 1\\n        else:\\n            return n * factorial(n - 1)\\n","line_start":416}}', '{"name":"factorial (8)","job":"check_statistics_false_test","job_timestamp":1703790871390353,"finished_at":1703790871410185,"started_at":1703790871409976,"data":{"arguments":"{\\"args_0\\": 0}","number_of_return_arguments":0,"code":"    @usf.check(check_statistics=False)\\n    def factorial(n):\\n        if n == 0:\\n            return 1\\n        else:\\n            return n * factorial(n - 1)\\n","line_start":416,"caller":"factorial (8)"}}', '{"name":"factorial (7)","job":"check_statistics_false_test","job_timestamp":1703790871390353,"finished_at":1703790871410236,"started_at":1703790871409303,"data":{"arguments":"{\\"args_0\\": 1}","number_of_return_arguments":0,"code":"    @usf.check(check_statistics=False)\\n    def factorial(n):\\n        if n == 0:\\n            return 1\\n        else:\\n            return n * factorial(n - 1)\\n","line_start":416,"caller":"factorial (8)"}}', '{"name":"factorial (6)","job":"check_statistics_false_test","job_timestamp":1703790871390353,"finished_at":1703790871410255,"started_at":1703790871408643,"data":{"arguments":"{\\"args_0\\": 2}","number_of_return_arguments":0,"code":"    @usf.check(check_statistics=False)\\n    def factorial(n):\\n        if n == 0:\\n            return 1\\n        else:\\n            return n * factorial(n - 1)\\n","line_start":416,"caller":"factorial (8)"}}', '{"name":"factorial (5)","job":"check_statistics_false_test","job_timestamp":1703790871390353,"finished_at":1703790871410270,"started_at":1703790871407977,"data":{"arguments":"{\\"args_0\\": 3}","number_of_return_arguments":0,"code":"    @usf.check(check_statistics=False)\\n    def factorial(n):\\n        if n == 0:\\n            return 1\\n        else:\\n            return n * factorial(n - 1)\\n","line_start":416}}', '{"name":"factorial (13)","job":"check_statistics_false_test","job_timestamp":1703790871390353,"finished_at":1703790871414194,"started_at":1703790871413965,"data":{"arguments":"{\\"args_0\\": 0}","number_of_return_arguments":0,"code":"    @usf.check(check_statistics=False)\\n    def factorial(n):\\n        if n == 0:\\n            return 1\\n        else:\\n            return n * factorial(n - 1)\\n","line_start":416,"caller":"factorial (13)"}}', '{"name":"factorial (12)","job":"check_statistics_false_test","job_timestamp":1703790871390353,"finished_at":1703790871414223,"started_at":1703790871413218,"data":{"arguments":"{\\"args_0\\": 1}","number_of_return_arguments":0,"code":"    @usf.check(check_statistics=False)\\n    def factorial(n):\\n        if n == 0:\\n            return 1\\n        else:\\n            return n * factorial(n - 1)\\n","line_start":416,"caller":"factorial (13)"}}', '{"name":"factorial (11)","job":"check_statistics_false_test","job_timestamp":1703790871390353,"finished_at":1703790871414240,"started_at":1703790871412048,"data":{"arguments":"{\\"args_0\\": 2}","number_of_return_arguments":0,"code":"    @usf.check(check_statistics=False)\\n    def factorial(n):\\n        if n == 0:\\n            return 1\\n        else:\\n            return n * factorial(n - 1)\\n","line_start":416,"caller":"factorial (13)"}}', '{"name":"factorial (10)","job":"check_statistics_false_test","job_timestamp":1703790871390353,"finished_at":1703790871414256,"started_at":1703790871411345,"data":{"arguments":"{\\"args_0\\": 3}","number_of_return_arguments":0,"code":"    @usf.check(check_statistics=False)\\n    def factorial(n):\\n        if n == 0:\\n            return 1\\n        else:\\n            return n * factorial(n - 1)\\n","line_start":416,"caller":"factorial (13)"}}', '{"name":"factorial (9)","job":"check_statistics_false_test","job_timestamp":1703790871390353,"finished_at":1703790871414271,"started_at":1703790871410728,"data":{"arguments":"{\\"args_0\\": 4}","number_of_return_arguments":0,"code":"    @usf.check(check_statistics=False)\\n    def factorial(n):\\n        if n == 0:\\n            return 1\\n        else:\\n            return n * factorial(n - 1)\\n","line_start":416}}', '{"name":"factorial (19)","job":"check_statistics_false_test","job_timestamp":1703790871390353,"finished_at":1703790871418531,"started_at":1703790871418294,"data":{"arguments":"{\\"args_0\\": 0}","number_of_return_arguments":0,"code":"    @usf.check(check_statistics=False)\\n    def factorial(n):\\n        if n == 0:\\n            return 1\\n        else:\\n            return n * factorial(n - 1)\\n","line_start":416,"caller":"factorial (19)"}}', '{"name":"factorial (18)","job":"check_statistics_false_test","job_timestamp":1703790871390353,"finished_at":1703790871418563,"started_at":1703790871417547,"data":{"arguments":"{\\"args_0\\": 1}","number_of_return_arguments":0,"code":"    @usf.check(check_statistics=False)\\n    def factorial(n):\\n        if n == 0:\\n            return 1\\n        else:\\n            return n * factorial(n - 1)\\n","line_start":416,"caller":"factorial (19)"}}', '{"name":"factorial (17)","job":"check_statistics_false_test","job_timestamp":1703790871390353,"finished_at":1703790871418579,"started_at":1703790871416806,"data":{"arguments":"{\\"args_0\\": 2}","number_of_return_arguments":0,"code":"    @usf.check(check_statistics=False)\\n    def factorial(n):\\n        if n == 0:\\n            return 1\\n        else:\\n            return n * factorial(n - 1)\\n","line_start":416,"caller":"factorial (19)"}}', '{"name":"factorial (16)","job":"check_statistics_false_test","job_timestamp":1703790871390353,"finished_at":1703790871418594,"started_at":1703790871416089,"data":{"arguments":"{\\"args_0\\": 3}","number_of_return_arguments":0,"code":"    @usf.check(check_statistics=False)\\n    def factorial(n):\\n        if n == 0:\\n            return 1\\n        else:\\n            return n * factorial(n - 1)\\n","line_start":416,"caller":"factorial (19)"}}', '{"name":"factorial (15)","job":"check_statistics_false_test","job_timestamp":1703790871390353,"finished_at":1703790871418608,"started_at":1703790871415394,"data":{"arguments":"{\\"args_0\\": 4}","number_of_return_arguments":0,"code":"    @usf.check(check_statistics=False)\\n    def factorial(n):\\n        if n == 0:\\n            return 1\\n        else:\\n            return n * factorial(n - 1)\\n","line_start":416,"caller":"factorial (19)"}}', '{"name":"factorial (14)","job":"check_statistics_false_test","job_timestamp":1703790871390353,"finished_at":1703790871418622,"started_at":1703790871414746,"data":{"arguments":"{\\"args_0\\": 5}","number_of_return_arguments":0,"code":"    @usf.check(check_statistics=False)\\n    def factorial(n):\\n        if n == 0:\\n            return 1\\n        else:\\n            return n * factorial(n - 1)\\n","line_start":416}}']