['{"job":"process_multiple_return_values_test","job_timestamp":1703599187751007}', '{"job":"process_multiple_return_values_test","job_timestamp":1703599187751007,"name":"calculate_statistics","return_order":0,"features":{"number":{"value":3.0}}}', '{"job":"process_multiple_return_values_test","job_timestamp":1703599187751007,"name":"calculate_statistics","return_order":1,"features":{"number":{"value":1.4142135623730951}}}', '{"name":"calculate_statistics","job":"process_multiple_return_values_test","job_timestamp":1703599187751007,"finished_at":1703599187778413,"started_at":1703599187775098,"data":{"arguments":"{\\"args_0\\": \\",list\\\\ncount,5.0\\\\nmean,3.0\\\\nstd,1.5811388300841898\\\\nmin,1.0\\\\n25%,2.0\\\\n50%,3.0\\\\n75%,4.0\\\\nmax,5.0\\\\nskew,0.0\\\\n\\"}","number_of_return_arguments":2,"code":"    @usf.check()\\n    def calculate_statistics(arr):\\n        mean = np.mean(arr)\\n        std_dev = np.std(arr)\\n        return mean, std_dev\\n","line_start":233}}']