['{"job":"process_keyword_arguments_test","job_timestamp":1704316838667344}',
 '{"job":"process_keyword_arguments_test","job_timestamp":1704316838667344,"name":"calculate_area","features":{"number":{"value":1}}}',
 '{"name":"calculate_area","job":"process_keyword_arguments_test","job_timestamp":1704316838667344,"finished_at":1704316838681288,"started_at":1704316838681179,"data":{"arguments":"{}","number_of_return_arguments":1,"code":"    @usf.check()\\n    def calculate_area(length=1, width=1, height=1):\\n        return length * width * height\\n","line_start":236}}',
 '{"job":"process_keyword_arguments_test","job_timestamp":1704316838667344,"name":"calculate_area (1)","features":{"number":{"value":30}}}',
 '{"name":"calculate_area (1)","job":"process_keyword_arguments_test","job_timestamp":1704316838667344,"finished_at":1704316838681970,"started_at":1704316838681867,"data":{"arguments":"{\\"kwargs_length\\": 5, \\"kwargs_width\\": 3, \\"kwargs_height\\": 2}","number_of_return_arguments":1,"code":"    @usf.check()\\n    def calculate_area(length=1, width=1, height=1):\\n        return length * width * height\\n","line_start":236}}',
 '{"job":"process_keyword_arguments_test","job_timestamp":1704316838667344,"name":"calculate_area (2)","features":{"number":{"value":4}}}',
 '{"name":"calculate_area (2)","job":"process_keyword_arguments_test","job_timestamp":1704316838667344,"finished_at":1704316838682432,"started_at":1704316838682313,"data":{"arguments":"{\\"kwargs_width\\": 4}","number_of_return_arguments":1,"code":"    @usf.check()\\n    def calculate_area(length=1, width=1, height=1):\\n        return length * width * height\\n","line_start":236}}']