['{"job":"process_custom_classes_and_sets_test","job_timestamp":1704316838759697}',
 '{"job":"process_custom_classes_and_sets_test","job_timestamp":1704316838759697,"name":"calculate_distance","features":{"number":{"value":5.0}}}',
 '{"name":"calculate_distance","job":"process_custom_classes_and_sets_test","job_timestamp":1704316838759697,"finished_at":1704316838773405,"started_at":1704316838773254,"data":{"arguments":"{\\"args_0\\": null, \\"args_1\\": null}","number_of_return_arguments":1,"code":"    @usf.check()\\n    def calculate_distance(point1, point2):\\n        return ((point1.x - point2.x) ** 2 + (point1.y - point2.y) ** 2) ** 0.5\\n","line_start":373}}',
 '{"job":"process_custom_classes_and_sets_test","job_timestamp":1704316838759697,"name":"unique_elements","features":{"list":{"count":5.0,"mean":3.0,"std":1.5811388300841898,"min":1.0,"25%":2.0,"50%":3.0,"75%":4.0,"max":5.0,"skew":0.0}}}',
 '{"name":"unique_elements","job":"process_custom_classes_and_sets_test","job_timestamp":1704316838759697,"finished_at":1704316838776599,"started_at":1704316838776483,"data":{"arguments":"{\\"args_0\\": \\",list\\\\ncount,7.0\\\\nmean,3.0\\\\nstd,1.4142135623730951\\\\nmin,1.0\\\\n25%,2.0\\\\n50%,3.0\\\\n75%,4.0\\\\nmax,5.0\\\\nskew,0.0\\\\n\\"}","number_of_return_arguments":1,"code":"    @usf.check()\\n    def unique_elements(input_list):\\n        unique_set = set(input_list)\\n        return list(unique_set)\\n","line_start":377}}']