['{"job":"call_error_test","job_timestamp":1704316838779920}',
 '{"name":"divide","job":"call_error_test","job_timestamp":1704316838779920,"finished_at":1704316838793505,"started_at":1704316838793392,"error":{"message":"Traceback (most recent call last):\\n  File \\"/Users/liam/Documents/Level/useful-priv/useful/useful.py\\", line 350, in useful_wrapper\\n    tracebacks, out = locals()[code](func, *args, **kwargs)\\n  File \\"<string>\\", line 1, in __95bd4d656164278daf3f83b7099a8529__t1704316838792647\\n  File \\"/Users/liam/Documents/Level/useful-priv/test/test_useful.py\\", line 403, in divide\\n    return x / y\\nTypeError: unsupported operand type(s) for /: \'str\' and \'str\'\\n"}}']