['{"job":"random_test","job_timestamp":1703599186902006}', '{"job":"random_test","job_timestamp":1703599186902006,"name":"func_a","features":{"number":{"value":4}}}', '{"name":"func_a","job":"random_test","job_timestamp":1703599186902006,"finished_at":1703599187353336,"started_at":1703599187349191,"data":{"arguments":"{\\"kwargs_a\\": 2}","number_of_return_arguments":1,"code":"    @usf.check(verbose=1)\\n    def func_a(a=1, b=2):\\n        return a + b\\n","line_start":49}}', '{"job":"random_test","job_timestamp":1703599186902006,"name":"func_a (1)","features":{"number":{"value":6}}}', '{"name":"func_a (1)","job":"random_test","job_timestamp":1703599186902006,"finished_at":1703599187385965,"started_at":1703599187383088,"data":{"arguments":"{\\"args_0\\": 4}","number_of_return_arguments":1,"code":"    @usf.check(verbose=1)\\n    def func_a(a=1, b=2):\\n        return a + b\\n","line_start":49,"caller":"func_b"}}', '{"job":"random_test","job_timestamp":1703599186902006,"name":"func_b","features":{"a":{"count":3.0,"mean":12.0,"std":6.0,"min":6.0,"25%":9.0,"50%":12.0,"75%":15.0,"max":18.0,"skew":0.0},"b":{"count":3.0,"mean":30.0,"std":6.0,"min":24.0,"25%":27.0,"50%":30.0,"75%":33.0,"max":36.0,"skew":0.0}}}', '{"name":"func_b","job":"random_test","job_timestamp":1703599186902006,"finished_at":1703599187386640,"started_at":1703599187373515,"data":{"arguments":"{\\"kwargs_a\\": 4, \\"kwargs_df\\": \\",a,b\\\\ncount,3.0,3.0\\\\nmean,2.0,5.0\\\\nstd,1.0,1.0\\\\nmin,1.0,4.0\\\\n25%,1.5,4.5\\\\n50%,2.0,5.0\\\\n75%,2.5,5.5\\\\nmax,3.0,6.0\\\\nskew,0.0,0.0\\\\n\\"}","number_of_return_arguments":1,"code":"    @usf.check(verbose=1)\\n    def func_b(df, a=1):\\n        return func_a(a) * df\\n","line_start":53}}']