['{"job":"process_complex_logic_test","job_timestamp":1704316838728598}',
 '{"job":"process_complex_logic_test","job_timestamp":1704316838728598,"name":"compute_moving_average","features":{"0":{"count":8.0,"mean":5.5,"std":2.449489742783178,"min":2.0,"25%":3.75,"50%":5.5,"75%":7.25,"max":9.0,"dtype":"float64"}}}',
 '{"name":"compute_moving_average","job":"process_complex_logic_test","job_timestamp":1704316838728598,"finished_at":1704316838747868,"started_at":1704316838746448,"data":{"arguments":"{\\"kwargs_window_size\\": 3, \\"args_0\\": \\",0\\\\ncount,10.0\\\\nmean,5.5\\\\nstd,3.0276503540974917\\\\nmin,1.0\\\\n25%,3.25\\\\n50%,5.5\\\\n75%,7.75\\\\nmax,10.0\\\\ndtype,float64\\\\n\\"}","number_of_return_arguments":1,"code":"    @usf.check()\\n    def compute_moving_average(data_series, window_size):\\n        moving_avg = data_series.rolling(window=window_size).mean()\\n        return moving_avg\\n","line_start":335,"caller":"analyze_data"}}',
 '{"job":"process_complex_logic_test","job_timestamp":1704316838728598,"name":"analyze_data","features":{"dict_values_0":{"count":0.0,"mean":"<NA>","std":"<NA>","min":"<NA>","25%":"<NA>","50%":"<NA>","75%":"<NA>","max":"<NA>","skew":"<NA>","unique":"<NA>","top":"<NA>","freq":"<NA>","dtype":"float64"},"dict_values_1":{"count":0.0,"mean":"<NA>","std":"<NA>","min":"<NA>","25%":"<NA>","50%":"<NA>","75%":"<NA>","max":"<NA>","skew":"<NA>","unique":"<NA>","top":"<NA>","freq":"<NA>","dtype":"float64"},"dict_values_2":{"count":1.0,"mean":2.0,"std":"<NA>","min":2.0,"25%":2.0,"50%":2.0,"75%":2.0,"max":2.0,"skew":"<NA>","unique":"<NA>","top":"<NA>","freq":"<NA>","dtype":"float64"},"dict_values_3":{"count":1.0,"mean":3.0,"std":"<NA>","min":3.0,"25%":3.0,"50%":3.0,"75%":3.0,"max":3.0,"skew":"<NA>","unique":"<NA>","top":"<NA>","freq":"<NA>","dtype":"float64"},"dict_values_4":{"count":2.0,"mean":4.5,"std":0.7071067811865476,"min":4.0,"25%":4.25,"50%":4.5,"75%":4.75,"max":5.0,"skew":"<NA>","unique":"<NA>","top":"<NA>","freq":"<NA>","dtype":"float64"},"dict_values_5":{"count":2.0,"mean":5.5,"std":0.7071067811865476,"min":5.0,"25%":5.25,"50%":5.5,"75%":5.75,"max":6.0,"skew":"<NA>","unique":"<NA>","top":"<NA>","freq":"<NA>","dtype":"float64"},"dict_values_6":{"count":2.0,"mean":6.5,"std":0.7071067811865476,"min":6.0,"25%":6.25,"50%":6.5,"75%":6.75,"max":7.0,"skew":"<NA>","unique":"<NA>","top":"<NA>","freq":"<NA>","dtype":"float64"},"dict_values_7":{"count":2.0,"mean":7.5,"std":0.7071067811865476,"min":7.0,"25%":7.25,"50%":7.5,"75%":7.75,"max":8.0,"skew":"<NA>","unique":"<NA>","top":"<NA>","freq":"<NA>","dtype":"float64"},"dict_values_8":{"count":2.0,"mean":8.5,"std":0.7071067811865476,"min":8.0,"25%":8.25,"50%":8.5,"75%":8.75,"max":9.0,"skew":"<NA>","unique":"<NA>","top":"<NA>","freq":"<NA>","dtype":"float64"},"dict_values_9":{"count":2.0,"mean":9.5,"std":0.7071067811865476,"min":9.0,"25%":9.25,"50%":9.5,"75%":9.75,"max":10.0,"skew":"<NA>","unique":"<NA>","top":"<NA>","freq":"<NA>","dtype":"float64"},"dict_keys":{"count":2,"mean":"<NA>","std":"<NA>","min":"<NA>","25%":"<NA>","50%":"<NA>","75%":"<NA>","max":"<NA>","skew":"<NA>","unique":2,"top":"moving_average","freq":1,"dtype":"object"}}}',
 '{"name":"analyze_data","job":"process_complex_logic_test","job_timestamp":1704316838728598,"finished_at":1704316838749411,"started_at":1704316838744920,"data":{"arguments":"{\\"args_0\\": \\",list\\\\ncount,10.0\\\\nmean,5.5\\\\nstd,3.0276503540974917\\\\nmin,1.0\\\\n25%,3.25\\\\n50%,5.5\\\\n75%,7.75\\\\nmax,10.0\\\\nskew,0.0\\\\n\\", \\"args_1\\": 4}","number_of_return_arguments":1,"code":"    @usf.check()\\n    def analyze_data(data, threshold):\\n        data_series = pd.Series(data)\\n        moving_average = compute_moving_average(data_series, window_size=3)\\n        filtered_data = data_series[data_series > threshold]\\n        return {\\"moving_average\\": moving_average, \\"filtered_data\\": filtered_data}\\n","line_start":340}}']